Microchip MPLAB XC8 Compiler V2.36

Linker command line:

-W-3 --edf=C:\Program Files\Microchip\xc8\v2.36\pic\dat\en_msgs.txt -cn \
  -h+dist/default/production\sample.X.production.sym \
  --cmf=dist/default/production\sample.X.production.cmf -z -Q18F26Q84 \
  -oC:\Users\takum\AppData\Local\Temp\xcAslfs.4 --defsym=__MPLAB_BUILD=1 \
  -Mdist/default/production/sample.X.production.map \
  --md=C:\Users\takum\AppData\Local\Temp\xcAslfs.dat -E1 -ver=XC8 Compiler \
  --acfsm=1493 -ACODE=00h-0FFFFh -ACONST=00h-0FFFFh \
  -ASMALLCONST=02500h-025FFhx219 -AMEDIUMCONST=02500h-0FFFFh \
  -ACOMRAM=0501h-055Fh -AABS1=0500h-024FFh -ABIGRAM=0501h-024FFh \
  -ARAM=0560h-05FFh,0600h-06FFhx31 -ABANK5=0560h-05FFh -ABANK6=0600h-06FFh \
  -ABANK7=0700h-07FFh -ABANK8=0800h-08FFh -ABANK9=0900h-09FFh \
  -ABANK10=0A00h-0AFFh -ABANK11=0B00h-0BFFh -ABANK12=0C00h-0CFFh \
  -ABANK13=0D00h-0DFFh -ABANK14=0E00h-0EFFh -ABANK15=0F00h-0FFFh \
  -ABANK16=01000h-010FFh -ABANK17=01100h-011FFh -ABANK18=01200h-012FFh \
  -ABANK19=01300h-013FFh -ABANK20=01400h-014FFh -ABANK21=01500h-015FFh \
  -ABANK22=01600h-016FFh -ABANK23=01700h-017FFh -ABANK24=01800h-018FFh \
  -ABANK25=01900h-019FFh -ABANK26=01A00h-01AFFh -ABANK27=01B00h-01BFFh \
  -ABANK28=01C00h-01CFFh -ABANK29=01D00h-01DFFh -ABANK30=01E00h-01EFFh \
  -ABANK31=01F00h-01FFFh -ABANK32=02000h-020FFh -ABANK33=02100h-021FFh \
  -ABANK34=02200h-022FFh -ABANK35=02300h-023FFh -ABANK36=02400h-024FFh \
  -ASFR=00h-0FFhx4,0400h-045Fh,0460h-04FFh,02500h-025FFhx9 \
  -ABIGSFR=00h-04FFh,02500h-02DFFh -ACONFIG=0300000h-0300023h \
  -AIDLOC=0200000h-020003Fh -AEEDATA=0380000h-03803FFh -peeprom_data=EEDATA \
  -preset_vec=00h -ppowerup=CODE,init -pramtop=02500h \
  -psmallconst=SMALLCONST -pmediumconst=MEDIUMCONST -pconst=CONST \
  -AFARRAM=00h-00h \
  -prdata=COMRAM,nvrram=COMRAM,nvbit=COMRAM,rbss=COMRAM,rbit=COMRAM \
  -pfarbss=FARRAM,fardata=FARRAM,nvFARRAM=FARRAM \
  -pintsave_regs=BIGRAM,bigbss=BIGRAM,bigdata=BIGRAM -pbss=RAM \
  -pidata=CODE,irdata=CODE,ibigdata=CODE,ifardata=CODE -prparam=COMRAM \
  C:\Users\takum\AppData\Local\Temp\xcAslfs.o \
  dist/default/production\sample.X.production.o 

Object code version is 3.11

Machine type is 18F26Q84



                Name                               Link     Load   Length Selector   Space Scale
C:\Users\takum\AppData\Local\Temp\xcAslfs.o
                idloc                            200000   200000       40        0       5
                config                           300000   300000       24        0       4
                init                               FFFC     FFFC        4     7FFE       0
                reset_vec                             0        0        4        0       0
dist/default/production\sample.X.production.o
                idloc                            200000   200000       40        0       5
                config                           300000   300000       24        0       4
                text13                             DE24     DE24       16     6F12       0
                text12                             DE50     DE50       1E     6F28       0
                text11                             E7AC     E7AC      5DE     73D6       0
                text10                             DE3A     DE3A       16     6F1D       0
                text9                              DE6E     DE6E       1E     6F37       0
                text8                              ED8A     ED8A      5DE     76C5       0
                text7                              E090     E090      38E     7048       0
                text6                              F368     F368      C94     79B4       0
                text5                              E41E     E41E      38E     720F       0
                text4                              DE8C     DE8C       26     6F46       0
                text3                              DF24     DF24       4E     6F92       0
                text2                              DEB2     DEB2       28     6F59       0
                text1                              DE16     DE16        E     6F0B       0
                text0                              DF72     DF72      11E     6FB9       0
                cstackCOMRAM                        501      501       27      501       1
                bssBIGRAM                          2140     2140      3C0     2140       1
                dataCOMRAM                          531      531        8      501       1
                bssCOMRAM                           528      528        9      501       1
                cinit                              DEDA     DEDA       4A     6F6D       0
                idataCOMRAM                        DE0E     DE0E        8     DE0E       0

TOTAL           Name                               Link     Load   Length     Space
        CLASS   CODE           
                init                               FFFC     FFFC        4         0
                reset_vec                             0        0        4         0
                text13                             DE24     DE24       16         0
                text12                             DE50     DE50       1E         0
                text11                             E7AC     E7AC      5DE         0
                text10                             DE3A     DE3A       16         0
                text9                              DE6E     DE6E       1E         0
                text8                              ED8A     ED8A      5DE         0
                text7                              E090     E090      38E         0
                text6                              F368     F368      C94         0
                text5                              E41E     E41E      38E         0
                text4                              DE8C     DE8C       26         0
                text3                              DF24     DF24       4E         0
                text2                              DEB2     DEB2       28         0
                text1                              DE16     DE16        E         0
                text0                              DF72     DF72      11E         0
                cinit                              DEDA     DEDA       4A         0
                idataCOMRAM                        DE0E     DE0E        8         0

        CLASS   CONST          

        CLASS   SMALLCONST     

        CLASS   MEDIUMCONST    

        CLASS   COMRAM         
                cstackCOMRAM                        501      501       27         1
                dataCOMRAM                          531      531        8         1
                bssCOMRAM                           528      528        9         1

        CLASS   ABS1           

        CLASS   BIGRAM         
                bssBIGRAM                          2140     2140      3C0         1

        CLASS   RAM            

        CLASS   BANK5          

        CLASS   BANK6          

        CLASS   BANK7          

        CLASS   BANK8          

        CLASS   BANK9          

        CLASS   BANK10         

        CLASS   BANK11         

        CLASS   BANK12         

        CLASS   BANK13         

        CLASS   BANK14         

        CLASS   BANK15         

        CLASS   BANK16         

        CLASS   BANK17         

        CLASS   BANK18         

        CLASS   BANK19         

        CLASS   BANK20         

        CLASS   BANK21         

        CLASS   BANK22         

        CLASS   BANK23         

        CLASS   BANK24         

        CLASS   BANK25         

        CLASS   BANK26         

        CLASS   BANK27         

        CLASS   BANK28         

        CLASS   BANK29         

        CLASS   BANK30         

        CLASS   BANK31         

        CLASS   BANK32         

        CLASS   BANK33         

        CLASS   BANK34         

        CLASS   BANK35         

        CLASS   BANK36         

        CLASS   SFR            

        CLASS   BIGSFR         

        CLASS   CONFIG         
                config                           300000   300000       24         4

        CLASS   IDLOC          
                idloc                            200000   200000       40         5

        CLASS   EEDATA         

        CLASS   FARRAM         

        CLASS   HEAP           

        CLASS   STACK          



SEGMENTS        Name                           Load    Length   Top    Selector   Space  Class

                reset_vec                      000000  000004  000004         0       0  CODE    
                cstackCOMRAM                   000501  000038  000539       501       1  COMRAM  
                bssBIGRAM                      002140  0003C0  002500      2140       1  BIGRAM  
                idataCOMRAM                    00DE0E  000008  00DE16      DE0E       0  CODE    
                text1                          00DE16  00000E  00DE24      6F0B       0  CODE    
                text13                         00DE24  000016  00DE3A      6F12       0  CODE    
                text10                         00DE3A  000016  00DE50      6F1D       0  CODE    
                text12                         00DE50  00001E  00DE6E      6F28       0  CODE    
                text9                          00DE6E  00001E  00DE8C      6F37       0  CODE    
                text4                          00DE8C  000026  00DEB2      6F46       0  CODE    
                text2                          00DEB2  000028  00DEDA      6F59       0  CODE    
                cinit                          00DEDA  00004A  00DF24      6F6D       0  CODE    
                text3                          00DF24  00004E  00DF72      6F92       0  CODE    
                text0                          00DF72  00011E  00E090      6FB9       0  CODE    
                text7                          00E090  00038E  00E41E      7048       0  CODE    
                text5                          00E41E  00038E  00E7AC      720F       0  CODE    
                text11                         00E7AC  0005DE  00ED8A      73D6       0  CODE    
                text8                          00ED8A  0005DE  00F368      76C5       0  CODE    
                text6                          00F368  000C94  00FFFC      79B4       0  CODE    
                init                           00FFFC  000004  010000      7FFE       0  CODE    


UNUSED ADDRESS RANGES

        Name                Unused          Largest block    Delta
        BANK10           000A00-000AFF              100
        BANK11           000B00-000BFF              100
        BANK12           000C00-000CFF              100
        BANK13           000D00-000DFF              100
        BANK14           000E00-000EFF              100
        BANK15           000F00-000FFF              100
        BANK16           001000-0010FF              100
        BANK17           001100-0011FF              100
        BANK18           001200-0012FF              100
        BANK19           001300-0013FF              100
        BANK20           001400-0014FF              100
        BANK21           001500-0015FF              100
        BANK22           001600-0016FF              100
        BANK23           001700-0017FF              100
        BANK24           001800-0018FF              100
        BANK25           001900-0019FF              100
        BANK26           001A00-001AFF              100
        BANK27           001B00-001BFF              100
        BANK28           001C00-001CFF              100
        BANK29           001D00-001DFF              100
        BANK30           001E00-001EFF              100
        BANK31           001F00-001FFF              100
        BANK32           002000-0020FF              100
        BANK33           002100-00213F               40
        BANK5            000560-0005FF               A0
        BANK6            000600-0006FF              100
        BANK7            000700-0007FF              100
        BANK8            000800-0008FF              100
        BANK9            000900-0009FF              100
        BIGRAM           000539-00213F             1C07
        BIGSFR           000000-0004FF              500
                         002500-002DFF              900
        CODE             000004-00DE0D             DE0A
        COMRAM           000539-00055F               27
        CONST            000004-00DE0D             DE0A
        EEDATA           380000-3803FF              400
        MEDIUMCONST      002500-00DE0D             B90E
        RAM              000560-00213F              100
        SFR              000000-0004FF              100
                         002500-002DFF              100
        SMALLCONST       002500-00DE0D              100

                                  Symbol Table

Blue@i                          cstackCOMRAM 00050A
Blue@i_286                      cstackCOMRAM 00050C
Blue@i_287                      cstackCOMRAM 00050E
Blue@i_288                      cstackCOMRAM 000510
Gaming@i                        cstackCOMRAM 00050A
Gaming@i_291                    cstackCOMRAM 00050C
Gaming@i_292                    cstackCOMRAM 00050E
Gaming@i_293                    cstackCOMRAM 000510
Gaming@i_294                    cstackCOMRAM 000512
Gaming@i_295                    cstackCOMRAM 000514
Gaming@i_296                    cstackCOMRAM 000516
Gaming@i_297                    cstackCOMRAM 000518
Gaming@i_298                    cstackCOMRAM 00051A
Gaming@i_299                    cstackCOMRAM 00051C
Gaming@i_300                    cstackCOMRAM 00051E
Gaming@i_301                    cstackCOMRAM 000520
Gaming@i_302                    cstackCOMRAM 000522
Gaming@i_303                    cstackCOMRAM 000524
Red@i                           cstackCOMRAM 00050A
Red@i_280                       cstackCOMRAM 00050C
Red@i_282                       cstackCOMRAM 00050E
Red@i_283                       cstackCOMRAM 000510
_ANSELA                         (abs)        000400
_ANSELB                         (abs)        000408
_ANSELC                         (abs)        000410
_Blue                           text7        00E090
_Gaming                         text6        00F368
_INLVLA                         (abs)        000404
_INLVLB                         (abs)        00040C
_INLVLC                         (abs)        000414
_INLVLE                         (abs)        000424
_LATA                           (abs)        0004BE
_LATB                           (abs)        0004BF
_LATC                           (abs)        0004C0
_LATCbits                       (abs)        0004C0
_MODE                           bssCOMRAM    00052C
_MOVE                           bssCOMRAM    00052A
_ODCONA                         (abs)        000402
_ODCONB                         (abs)        00040A
_ODCONC                         (abs)        000412
_OSCCON1                        (abs)        0000AD
_OSCCON3                        (abs)        0000AF
_OSCEN                          (abs)        0000B3
_OSCFRQ                         (abs)        0000B1
_OSCILLATOR_Initialize          text4        00DE8C
_OSCTUNE                        (abs)        0000B0
_PIN_MANAGER_Initialize         text3        00DF24
_PLLR                           (abs)        000590
_PMD0                           (abs)        000060
_PMD1                           (abs)        000061
_PMD2                           (abs)        000062
_PMD3                           (abs)        000063
_PMD4                           (abs)        000064
_PMD5                           (abs)        000065
_PMD6                           (abs)        000066
_PMD7                           (abs)        000067
_PMD8                           (abs)        000068
_PMD_Initialize                 text2        00DEB2
_PORTAbits                      (abs)        0004CE
_RGB                            bssBIGRAM    002140
_Red                            text5        00E41E
_SLRCONA                        (abs)        000403
_SLRCONB                        (abs)        00040B
_SLRCONC                        (abs)        000413
_SYSTEM_Initialize              text1        00DE16
_TRISA                          (abs)        0004C6
_TRISAbits                      (abs)        0004C6
_TRISB                          (abs)        0004C7
_TRISC                          (abs)        0004C8
_TRISCbits                      (abs)        0004C8
_TRISE                          (abs)        0004CA
_WPUA                           (abs)        000401
_WPUB                           (abs)        000409
_WPUC                           (abs)        000411
_WPUE                           (abs)        000421
__HRAM                          (abs)        000000
__Habs1                         abs1         000000
__Hbank10                       bank10       000000
__Hbank11                       bank11       000000
__Hbank12                       bank12       000000
__Hbank13                       bank13       000000
__Hbank14                       bank14       000000
__Hbank15                       bank15       000000
__Hbank16                       bank16       000000
__Hbank17                       bank17       000000
__Hbank18                       bank18       000000
__Hbank19                       bank19       000000
__Hbank20                       bank20       000000
__Hbank21                       bank21       000000
__Hbank22                       bank22       000000
__Hbank23                       bank23       000000
__Hbank24                       bank24       000000
__Hbank25                       bank25       000000
__Hbank26                       bank26       000000
__Hbank27                       bank27       000000
__Hbank28                       bank28       000000
__Hbank29                       bank29       000000
__Hbank30                       bank30       000000
__Hbank31                       bank31       000000
__Hbank32                       bank32       000000
__Hbank33                       bank33       000000
__Hbank34                       bank34       000000
__Hbank35                       bank35       000000
__Hbank36                       bank36       000000
__Hbank5                        bank5        000000
__Hbank6                        bank6        000000
__Hbank7                        bank7        000000
__Hbank8                        bank8        000000
__Hbank9                        bank9        000000
__Hbigbss                       bigbss       000000
__Hbigdata                      bigdata      000000
__Hbigram                       bigram       000000
__Hbigsfr                       bigsfr       000000
__Hbss                          bss          000000
__HbssBIGRAM                    bssBIGRAM    000000
__HbssCOMRAM                    bssCOMRAM    000000
__Hcinit                        cinit        000000
__Hclrtext                      clrtext      000000
__Hcomram                       comram       000000
__Hconfig                       config       300024
__Hconst                        const        000000
__HcstackCOMRAM                 cstackCOMRAM 000000
__Hdata                         data         000000
__HdataCOMRAM                   dataCOMRAM   000000
__Heeprom_data                  eeprom_data  000000
__Hfarbss                       farbss       000000
__Hfardata                      fardata      000000
__Hheap                         heap         000000
__Hibigdata                     ibigdata     000000
__Hidata                        idata        000000
__HidataCOMRAM                  idataCOMRAM  000000
__Hidloc                        idloc        200040
__Hifardata                     ifardata     000000
__Hinit                         init         010000
__Hintsave_regs                 intsave_regs 000000
__Hirdata                       irdata       000000
__Hmediumconst                  mediumconst  000000
__HnvFARRAM                     nvFARRAM     000000
__Hnvbit                        nvbit        000000
__Hnvrram                       nvrram       000000
__Hparam                        rparam       000000
__Hpowerup                      powerup      000000
__Hram                          ram          000000
__Hramtop                       ramtop       002500
__Hrbit                         rbit         000000
__Hrbss                         rbss         000000
__Hrdata                        rdata        000000
__Hreset_vec                    reset_vec    000004
__Hrparam                       rparam       000000
__Hsfr                          sfr          000000
__Hsmallconst                   smallconst   000000
__Hspace_0                      (abs)        010000
__Hspace_1                      (abs)        002500
__Hspace_2                      (abs)        000000
__Hspace_4                      (abs)        600024
__Hstack                        stack        000000
__Hstruct                       struct       000000
__Htemp                         temp         000000
__Htext                         text         000000
__Htext0                        text0        000000
__Htext1                        text1        000000
__Htext10                       text10       000000
__Htext11                       text11       000000
__Htext12                       text12       000000
__Htext13                       text13       000000
__Htext14                       text14       000000
__Htext2                        text2        000000
__Htext3                        text3        000000
__Htext4                        text4        000000
__Htext5                        text5        000000
__Htext6                        text6        000000
__Htext7                        text7        000000
__Htext8                        text8        000000
__Htext9                        text9        000000
__LRAM                          (abs)        000001
__Labs1                         abs1         000000
__Lbank10                       bank10       000000
__Lbank11                       bank11       000000
__Lbank12                       bank12       000000
__Lbank13                       bank13       000000
__Lbank14                       bank14       000000
__Lbank15                       bank15       000000
__Lbank16                       bank16       000000
__Lbank17                       bank17       000000
__Lbank18                       bank18       000000
__Lbank19                       bank19       000000
__Lbank20                       bank20       000000
__Lbank21                       bank21       000000
__Lbank22                       bank22       000000
__Lbank23                       bank23       000000
__Lbank24                       bank24       000000
__Lbank25                       bank25       000000
__Lbank26                       bank26       000000
__Lbank27                       bank27       000000
__Lbank28                       bank28       000000
__Lbank29                       bank29       000000
__Lbank30                       bank30       000000
__Lbank31                       bank31       000000
__Lbank32                       bank32       000000
__Lbank33                       bank33       000000
__Lbank34                       bank34       000000
__Lbank35                       bank35       000000
__Lbank36                       bank36       000000
__Lbank5                        bank5        000000
__Lbank6                        bank6        000000
__Lbank7                        bank7        000000
__Lbank8                        bank8        000000
__Lbank9                        bank9        000000
__Lbigbss                       bigbss       000000
__Lbigdata                      bigdata      000000
__Lbigram                       bigram       000000
__Lbigsfr                       bigsfr       000000
__Lbss                          bss          000000
__LbssBIGRAM                    bssBIGRAM    000000
__LbssCOMRAM                    bssCOMRAM    000000
__Lcinit                        cinit        000000
__Lclrtext                      clrtext      000000
__Lcomram                       comram       000000
__Lconfig                       config       000000
__Lconst                        const        000000
__LcstackCOMRAM                 cstackCOMRAM 000000
__Ldata                         data         000000
__LdataCOMRAM                   dataCOMRAM   000000
__Leeprom_data                  eeprom_data  000000
__Lfarbss                       farbss       000000
__Lfardata                      fardata      000000
__Lheap                         heap         000000
__Libigdata                     ibigdata     000000
__Lidata                        idata        000000
__LidataCOMRAM                  idataCOMRAM  000000
__Lidloc                        idloc        000000
__Lifardata                     ifardata     000000
__Linit                         init         00FFFC
__Lintsave_regs                 intsave_regs 000000
__Lirdata                       irdata       000000
__Lmediumconst                  mediumconst  000000
__LnvFARRAM                     nvFARRAM     000000
__Lnvbit                        nvbit        000000
__Lnvrram                       nvrram       000000
__Lparam                        rparam       000000
__Lpowerup                      powerup      000000
__Lram                          ram          000000
__Lramtop                       ramtop       002500
__Lrbit                         rbit         000000
__Lrbss                         rbss         000000
__Lrdata                        rdata        000000
__Lreset_vec                    reset_vec    000000
__Lrparam                       rparam       000000
__Lsfr                          sfr          000000
__Lsmallconst                   smallconst   000000
__Lspace_0                      (abs)        000000
__Lspace_1                      (abs)        000000
__Lspace_2                      (abs)        000000
__Lspace_4                      (abs)        000000
__Lstack                        stack        000000
__Lstruct                       struct       000000
__Ltemp                         temp         000000
__Ltext                         text         000000
__Ltext0                        text0        000000
__Ltext1                        text1        000000
__Ltext10                       text10       000000
__Ltext11                       text11       000000
__Ltext12                       text12       000000
__Ltext13                       text13       000000
__Ltext14                       text14       000000
__Ltext2                        text2        000000
__Ltext3                        text3        000000
__Ltext4                        text4        000000
__Ltext5                        text5        000000
__Ltext6                        text6        000000
__Ltext7                        text7        000000
__Ltext8                        text8        000000
__Ltext9                        text9        000000
__S0                            (abs)        010000
__S1                            (abs)        002500
__S4                            (abs)        000000
__S5                            (abs)        000000
___heap_hi                      (abs)        000000
___heap_lo                      (abs)        000000
___inthi_sp                     stack        000000
___intlo_sp                     stack        000000
___param_bank                   (abs)        000000
___rparam_used                  (abs)        000001
___sp                           stack        000000
__accesstop                     (abs)        000560
__activetblptr                  (abs)        000002
__end_of_Blue                   text7        00E41E
__end_of_Gaming                 text6        00FFFC
__end_of_OSCILLATOR_Initialize  text4        00DEB2
__end_of_PIN_MANAGER_Initialize text3        00DF72
__end_of_PMD_Initialize         text2        00DEDA
__end_of_Red                    text5        00E7AC
__end_of_SYSTEM_Initialize      text1        00DE24
__end_of__initialization        cinit        00DF1A
__end_of_main                   text0        00E090
__end_of_port1_one              text12       00DE6E
__end_of_port1_send3byte        text11       00ED8A
__end_of_port1_zero             text13       00DE3A
__end_of_port2_one              text9        00DE8C
__end_of_port2_send3byte        text8        00F368
__end_of_port2_zero             text10       00DE50
__initialization                cinit        00DEDA
__mediumconst                   mediumconst  000000
__pbssBIGRAM                    bssBIGRAM    002140
__pbssCOMRAM                    bssCOMRAM    000528
__pcinit                        cinit        00DEDA
__pcstackCOMRAM                 cstackCOMRAM 000501
__pdataCOMRAM                   dataCOMRAM   000531
__pidataCOMRAM                  idataCOMRAM  00DE0E
__ptext0                        text0        00DF72
__ptext1                        text1        00DE16
__ptext10                       text10       00DE3A
__ptext11                       text11       00E7AC
__ptext12                       text12       00DE50
__ptext13                       text13       00DE24
__ptext14                       text14       000000
__ptext2                        text2        00DEB2
__ptext3                        text3        00DF24
__ptext4                        text4        00DE8C
__ptext5                        text5        00E41E
__ptext6                        text6        00F368
__ptext7                        text7        00E090
__ptext8                        text8        00ED8A
__ptext9                        text9        00DE6E
__ramtop                        ramtop       002500
__smallconst                    smallconst   000000
_b                              bssCOMRAM    00052E
_g                              bssCOMRAM    00052F
_main                           text0        00DF72
_nanntoka                       bssCOMRAM    000528
_port1_one                      text12       00DE50
_port1_send1bit                 dataCOMRAM   000535
_port1_send3byte                text11       00E7AC
_port1_zero                     text13       00DE24
_port2_one                      text9        00DE6E
_port2_send1bit                 dataCOMRAM   000531
_port2_send3byte                text8        00ED8A
_port2_zero                     text10       00DE3A
_r                              bssCOMRAM    000530
end_of_initialization           cinit        00DF1A
intlevel0                       text         000000
intlevel1                       text         000000
intlevel2                       text         000000
intlevel3                       text         000000
isa$std                         (abs)        000001
isa$xinst                       (abs)        000000
port1_send3byte@B               cstackCOMRAM 000505
port1_send3byte@G               cstackCOMRAM 000503
port1_send3byte@R               cstackCOMRAM 000501
port2_send3byte@B               cstackCOMRAM 000505
port2_send3byte@G               cstackCOMRAM 000503
port2_send3byte@R               cstackCOMRAM 000501
stackhi                         (abs)        000000
stacklo                         (abs)        000000
start                           init         00FFFC
start_initialization            cinit        00DEDA


MODULE INFORMATION

Module		Function		Class		Link	Load	Size
mcc_generated_files/pin_manager.c
		_PIN_MANAGER_Initialize		CODE           	DF24	0000	78

mcc_generated_files/pin_manager.c estimated size: 78

shared
		__initialization		CODE           	DEDA	0000	64

shared estimated size: 64

mcc_generated_files/mcc.c
		_PMD_Initialize		CODE           	DEB2	0000	40
		_OSCILLATOR_Initialize		CODE           	DE8C	0000	38
		_SYSTEM_Initialize		CODE           	DE16	0000	14

mcc_generated_files/mcc.c estimated size: 92

main.c
		_port1_one     		CODE           	DE50	0000	30
		_port2_one     		CODE           	DE6E	0000	30
		_main          		CODE           	DF72	0000	286
		_port1_send3byte		CODE           	E7AC	0000	1502
		_Red           		CODE           	E41E	0000	910
		_port2_send3byte		CODE           	ED8A	0000	1502
		_port1_zero    		CODE           	DE24	0000	22
		_port2_zero    		CODE           	DE3A	0000	22
		_Blue          		CODE           	E090	0000	910
		_Gaming        		CODE           	F368	0000	3220

main.c estimated size: 8434

